#-----------------------------------------------------------
# Vivado v2025.1 (64-bit)
# SW Build 6140274 on Thu May 22 00:12:29 MDT 2025
# IP Build 6138677 on Thu May 22 03:10:11 MDT 2025
# SharedData Build 6139179 on Tue May 20 17:58:58 MDT 2025
# Start of session at: Mon Nov 17 09:25:17 2025
# Process ID         : 896
# Current directory  : D:/Github/repositories/rv32i-uvm/project/project.runs/blk_mem_gen_0_synth_1
# Command line       : vivado.exe -log blk_mem_gen_0.vds -product Vivado -mode batch -messageDb vivado.pb -notrace -source blk_mem_gen_0.tcl
# Log file           : D:/Github/repositories/rv32i-uvm/project/project.runs/blk_mem_gen_0_synth_1/blk_mem_gen_0.vds
# Journal file       : D:/Github/repositories/rv32i-uvm/project/project.runs/blk_mem_gen_0_synth_1\vivado.jou
# Running On         : DESKTOP-JFVD931
# Platform           : Windows Server 2016 or Windows 10
# Operating System   : 19045
# Processor Detail   : 11th Gen Intel(R) Core(TM) i5-1135G7 @ 2.40GHz
# CPU Frequency      : 2419 MHz
# CPU Physical cores : 4
# CPU Logical cores  : 8
# Host memory        : 8241 MB
# Swap memory        : 8321 MB
# Total Virtual      : 16562 MB
# Available Virtual  : 5117 MB
#-----------------------------------------------------------
source blk_mem_gen_0.tcl -notrace
